// Vitest Snapshot v1, https://vitest.dev/guide/snapshot.html

exports[`Ensure that rune animations error gracefully 1`] = `
<RuneTab
  context={
    {
      "context": {
        "rune": {
          "state": {
            "drawnRunes": [
              AnimatedRune {
                "duration": 1,
                "fps": 60,
                "func": [Function],
                "toReplString": [Function],
              },
            ],
          },
        },
      },
    }
  }
/>
`;
