// Vitest Snapshot v1, https://vitest.dev/guide/snapshot.html

exports[`painter tab 1`] = `
<Painter
  debuggerCtx={
    {
      "context": {
        "moduleContexts": {
          "painter": {
            "state": {
              "drawnPainters": [],
            },
            "tabs": [],
          },
        },
      },
    }
  }
/>
`;
